#0 building with "default" instance using docker driver

#1 [internal] load build definition from Dockerfile
#1 transferring dockerfile: 452B done
#1 DONE 0.0s

#2 [internal] load metadata for docker.io/library/python:3.11-slim
#2 DONE 1.3s

#3 [internal] load .dockerignore
#3 transferring context: 2B done
#3 DONE 0.0s

#4 [1/7] FROM docker.io/library/python:3.11-slim@sha256:9e1912aab0a30bbd9488eb79063f68f42a68ab0946cbe98fecf197fe5b085506
#4 resolve docker.io/library/python:3.11-slim@sha256:9e1912aab0a30bbd9488eb79063f68f42a68ab0946cbe98fecf197fe5b085506 0.0s done
#4 ...

#5 [internal] load build context
#5 transferring context: 714.39kB 0.0s done
#5 DONE 0.1s

#4 [1/7] FROM docker.io/library/python:3.11-slim@sha256:9e1912aab0a30bbd9488eb79063f68f42a68ab0946cbe98fecf197fe5b085506
#4 sha256:9596beeb5a6dc0950529870568799000e8d73fb678969ac2f485005cd5da1087 0B / 16.21MB 0.2s
#4 sha256:9e1912aab0a30bbd9488eb79063f68f42a68ab0946cbe98fecf197fe5b085506 9.13kB / 9.13kB done
#4 sha256:cfa2a40862158178855ab4f7cf6b9341646f826b0467a7b72bdeac68b03986bb 1.75kB / 1.75kB done
#4 sha256:be3324b8ee1a17161c5fa4a20f310d4af42cbb4f22a1e7a32a98ee9196a6defd 5.37kB / 5.37kB done
#4 sha256:dad67da3f26bce15939543965e09c4059533b025f707aad72ed3d3f3a09c66f8 0B / 28.23MB 0.2s
#4 sha256:799440a7bae7c08a5fe9d9e5a1ccd72fc3cbf9d85fa4be450e12b8550175c620 0B / 3.51MB 0.2s
#4 sha256:dad67da3f26bce15939543965e09c4059533b025f707aad72ed3d3f3a09c66f8 2.10MB / 28.23MB 0.3s
#4 sha256:dad67da3f26bce15939543965e09c4059533b025f707aad72ed3d3f3a09c66f8 11.53MB / 28.23MB 0.5s
#4 sha256:799440a7bae7c08a5fe9d9e5a1ccd72fc3cbf9d85fa4be450e12b8550175c620 1.05MB / 3.51MB 0.5s
#4 sha256:9596beeb5a6dc0950529870568799000e8d73fb678969ac2f485005cd5da1087 1.05MB / 16.21MB 0.6s
#4 sha256:dad67da3f26bce15939543965e09c4059533b025f707aad72ed3d3f3a09c66f8 13.63MB / 28.23MB 0.6s
#4 sha256:799440a7bae7c08a5fe9d9e5a1ccd72fc3cbf9d85fa4be450e12b8550175c620 3.51MB / 3.51MB 0.6s done
#4 sha256:15658014cd85cd0d8b913d50b4388228aebcf0437d43cfb37e8a5177e8b2bcf8 0B / 248B 0.6s
#4 sha256:9596beeb5a6dc0950529870568799000e8d73fb678969ac2f485005cd5da1087 7.34MB / 16.21MB 0.8s
#4 sha256:dad67da3f26bce15939543965e09c4059533b025f707aad72ed3d3f3a09c66f8 22.02MB / 28.23MB 0.8s
#4 sha256:15658014cd85cd0d8b913d50b4388228aebcf0437d43cfb37e8a5177e8b2bcf8 248B / 248B 0.7s done
#4 sha256:9596beeb5a6dc0950529870568799000e8d73fb678969ac2f485005cd5da1087 12.58MB / 16.21MB 1.0s
#4 sha256:dad67da3f26bce15939543965e09c4059533b025f707aad72ed3d3f3a09c66f8 28.23MB / 28.23MB 1.0s done
#4 sha256:9596beeb5a6dc0950529870568799000e8d73fb678969ac2f485005cd5da1087 15.73MB / 16.21MB 1.1s
#4 extracting sha256:dad67da3f26bce15939543965e09c4059533b025f707aad72ed3d3f3a09c66f8 0.1s
#4 sha256:9596beeb5a6dc0950529870568799000e8d73fb678969ac2f485005cd5da1087 16.21MB / 16.21MB 1.1s done
#4 extracting sha256:dad67da3f26bce15939543965e09c4059533b025f707aad72ed3d3f3a09c66f8 0.8s done
#4 extracting sha256:799440a7bae7c08a5fe9d9e5a1ccd72fc3cbf9d85fa4be450e12b8550175c620
#4 extracting sha256:799440a7bae7c08a5fe9d9e5a1ccd72fc3cbf9d85fa4be450e12b8550175c620 0.1s done
#4 extracting sha256:9596beeb5a6dc0950529870568799000e8d73fb678969ac2f485005cd5da1087 0.1s
#4 extracting sha256:9596beeb5a6dc0950529870568799000e8d73fb678969ac2f485005cd5da1087 0.5s done
#4 extracting sha256:15658014cd85cd0d8b913d50b4388228aebcf0437d43cfb37e8a5177e8b2bcf8 done
#4 DONE 2.8s

#6 [2/7] WORKDIR /app
#6 DONE 0.2s

#7 [3/7] COPY requirements.txt ./
#7 DONE 0.1s

#8 [4/7] RUN pip install --no-cache-dir -r requirements.txt
#8 2.118 Collecting requests (from -r requirements.txt (line 1))
#8 2.291   Downloading requests-2.32.4-py3-none-any.whl.metadata (4.9 kB)
#8 2.375 Collecting beautifulsoup4 (from -r requirements.txt (line 2))
#8 2.405   Downloading beautifulsoup4-4.13.4-py3-none-any.whl.metadata (3.8 kB)
#8 2.513 Collecting flatten_json (from -r requirements.txt (line 3))
#8 2.542   Downloading flatten_json-0.1.14-py3-none-any.whl.metadata (4.2 kB)
#8 2.752 Collecting charset_normalizer<4,>=2 (from requests->-r requirements.txt (line 1))
#8 2.779   Downloading charset_normalizer-3.4.2-cp311-cp311-manylinux_2_17_x86_64.manylinux2014_x86_64.whl.metadata (35 kB)
#8 2.852 Collecting idna<4,>=2.5 (from requests->-r requirements.txt (line 1))
#8 2.901   Downloading idna-3.10-py3-none-any.whl.metadata (10 kB)
#8 3.005 Collecting urllib3<3,>=1.21.1 (from requests->-r requirements.txt (line 1))
#8 3.030   Downloading urllib3-2.5.0-py3-none-any.whl.metadata (6.5 kB)
#8 3.086 Collecting certifi>=2017.4.17 (from requests->-r requirements.txt (line 1))
#8 3.111   Downloading certifi-2025.6.15-py3-none-any.whl.metadata (2.4 kB)
#8 3.193 Collecting soupsieve>1.2 (from beautifulsoup4->-r requirements.txt (line 2))
#8 3.220   Downloading soupsieve-2.7-py3-none-any.whl.metadata (4.6 kB)
#8 3.275 Collecting typing-extensions>=4.0.0 (from beautifulsoup4->-r requirements.txt (line 2))
#8 3.306   Downloading typing_extensions-4.14.0-py3-none-any.whl.metadata (3.0 kB)
#8 3.371 Collecting six (from flatten_json->-r requirements.txt (line 3))
#8 3.396   Downloading six-1.17.0-py2.py3-none-any.whl.metadata (1.7 kB)
#8 3.449 Downloading requests-2.32.4-py3-none-any.whl (64 kB)
#8 3.457    ━━━━━━━━━━━━━━━━━━━━━━━━━━━━━━━━━━━━━━━━ 64.8/64.8 kB 11.4 MB/s eta 0:00:00
#8 3.506 Downloading beautifulsoup4-4.13.4-py3-none-any.whl (187 kB)
#8 3.532    ━━━━━━━━━━━━━━━━━━━━━━━━━━━━━━━━━━━━━━━━ 187.3/187.3 kB 9.0 MB/s eta 0:00:00
#8 3.561 Downloading flatten_json-0.1.14-py3-none-any.whl (8.0 kB)
#8 3.591 Downloading certifi-2025.6.15-py3-none-any.whl (157 kB)
#8 3.600    ━━━━━━━━━━━━━━━━━━━━━━━━━━━━━━━━━━━━━━━━ 157.7/157.7 kB 66.3 MB/s eta 0:00:00
#8 3.636 Downloading charset_normalizer-3.4.2-cp311-cp311-manylinux_2_17_x86_64.manylinux2014_x86_64.whl (147 kB)
#8 3.647    ━━━━━━━━━━━━━━━━━━━━━━━━━━━━━━━━━━━━━━━━ 147.3/147.3 kB 48.9 MB/s eta 0:00:00
#8 3.675 Downloading idna-3.10-py3-none-any.whl (70 kB)
#8 3.683    ━━━━━━━━━━━━━━━━━━━━━━━━━━━━━━━━━━━━━━━━ 70.4/70.4 kB 63.1 MB/s eta 0:00:00
#8 3.712 Downloading soupsieve-2.7-py3-none-any.whl (36 kB)
#8 3.742 Downloading typing_extensions-4.14.0-py3-none-any.whl (43 kB)
#8 3.750    ━━━━━━━━━━━━━━━━━━━━━━━━━━━━━━━━━━━━━━━━ 43.8/43.8 kB 54.5 MB/s eta 0:00:00
#8 3.778 Downloading urllib3-2.5.0-py3-none-any.whl (129 kB)
#8 3.788    ━━━━━━━━━━━━━━━━━━━━━━━━━━━━━━━━━━━━━━━━ 129.8/129.8 kB 68.9 MB/s eta 0:00:00
#8 3.815 Downloading six-1.17.0-py2.py3-none-any.whl (11 kB)
#8 3.897 Installing collected packages: urllib3, typing-extensions, soupsieve, six, idna, charset_normalizer, certifi, requests, flatten_json, beautifulsoup4
#8 4.325 Successfully installed beautifulsoup4-4.13.4 certifi-2025.6.15 charset_normalizer-3.4.2 flatten_json-0.1.14 idna-3.10 requests-2.32.4 six-1.17.0 soupsieve-2.7 typing-extensions-4.14.0 urllib3-2.5.0
#8 4.325 WARNING: Running pip as the 'root' user can result in broken permissions and conflicting behaviour with the system package manager. It is recommended to use a virtual environment instead: https://pip.pypa.io/warnings/venv
#8 4.508 
#8 4.508 [notice] A new release of pip is available: 24.0 -> 25.1.1
#8 4.508 [notice] To update, run: pip install --upgrade pip
#8 DONE 4.7s

#9 [5/7] COPY src/ ./src/
#9 DONE 0.0s

#10 [6/7] WORKDIR /app/src
#10 DONE 0.0s

#11 [7/7] RUN mkdir -p /app/src/output
#11 DONE 0.3s

#12 exporting to image
#12 exporting layers
#12 exporting layers 0.3s done
#12 writing image sha256:34c672cf19a89d5bed00f6dbef971faaccf9f39ba11318d16b2eb7e725a4ce84 done
#12 naming to docker.io/library/loc-scraper done
12 DONE 0.4s
