#0 building with "default" instance using docker driver

#1 [internal] load build definition from Dockerfile
#1 transferring dockerfile: 459B done
#1 DONE 0.0s

#2 [internal] load metadata for docker.io/library/python:3.11-slim
#2 DONE 0.3s

#3 [internal] load .dockerignore
#3 transferring context: 2B done
#3 DONE 0.0s

#4 [1/7] FROM docker.io/library/python:3.11-slim@sha256:9e1912aab0a30bbd9488eb79063f68f42a68ab0946cbe98fecf197fe5b085506
#4 DONE 0.0s

#5 [internal] load build context
#5 transferring context: 787B done
#5 DONE 0.0s

#6 [2/7] WORKDIR /app
#6 CACHED

#7 [3/7] COPY requirements.txt ./
#7 CACHED

#8 [4/7] RUN pip install --no-cache-dir -r requirements.txt
#8 CACHED

#9 [5/7] COPY src/ ./src/
#9 DONE 0.0s

#10 [6/7] WORKDIR /app/src
#10 DONE 0.1s

#11 [7/7] RUN mkdir -p /app/src/output
#11 DONE 0.3s

#12 exporting to image
#12 exporting layers 0.1s done
#12 writing image sha256:73cf6f13f65e6f5b78ba680d73c6241cae4b09153a8581c1111cbeb9d1cae48e done
#12 naming to docker.io/library/loc-scraper done
#12 DONE 0.1s
